[     132ms] [ERROR] A bad HTTP response code (404) was received when fetching the script. @ :0
[     143ms] [ERROR] Falha ao registrar SW: TypeError: Failed to register a ServiceWorker for scope ('http://localhost:4310/') with script ('http://localhost:4310/sw.js'): A bad HTTP response code (404) was received when fetching the script. @ http://localhost:4310/?fresh=2:403
[     164ms] [ERROR] Failed to load resource: the server responded with a status of 404 (Not Found) @ http://localhost:4310/manifest.json:0
[     165ms] [ERROR] Manifest fetch from http://localhost:4310/manifest.json failed, code 404 @ http://localhost:4310/?fresh=2:0
[     221ms] [ERROR] Failed to load resource: the server responded with a status of 500 (Internal Server Error) @ http://localhost:4310/api/whatsapp/messages?limit=200:0
[     278ms] [ERROR] Failed to load resource: the server responded with a status of 500 (Internal Server Error) @ http://localhost:4310/sessions/stats:0
[    6956ms] [LOG] waAddKnowledge.toString(): async function waAddKnowledge(eventId) {
  const overlay = $("#wa-modal-overlay");
  const title = $("#wa-modal-title");
  const context = $("#wa-m @ :1
[   15862ms] [ERROR] Failed to load resource: the server responded with a status of 500 (Internal Server Error) @ http://localhost:4310/api/whatsapp/messages?limit=200:0
[   49089ms] [LOG] overlay: JSHandle@node @ :5
[   49089ms] [LOG] modal: JSHandle@node @ :6
[   49089ms] [LOG] fields: JSHandle@node @ :7
[   49089ms] [LOG] soulSelect: JSHandle@node @ :8
[   63629ms] [LOG] waAddKnowledge called with eventId: 55 @ :4
[   63629ms] [LOG] overlay: JSHandle@node @ :5
[   63632ms] [LOG] overlay.classList: [open] @ :6
[  609283ms] [ERROR] WebSocket connection to 'ws://localhost:4310/' failed: Error in connection establishment: net::ERR_CONNECTION_REFUSED @ http://localhost:4310/assets/app.js?v=20260820:92
[  611284ms] [ERROR] WebSocket connection to 'ws://localhost:4310/' failed: Error in connection establishment: net::ERR_CONNECTION_REFUSED @ http://localhost:4310/assets/app.js?v=20260820:92
[  615286ms] [ERROR] WebSocket connection to 'ws://localhost:4310/' failed: Error in connection establishment: net::ERR_CONNECTION_REFUSED @ http://localhost:4310/assets/app.js?v=20260820:92
[  623288ms] [ERROR] WebSocket connection to 'ws://localhost:4310/' failed: Error in connection establishment: net::ERR_CONNECTION_REFUSED @ http://localhost:4310/assets/app.js?v=20260820:92
[  639291ms] [ERROR] WebSocket connection to 'ws://localhost:4310/' failed: Error in connection establishment: net::ERR_CONNECTION_REFUSED @ http://localhost:4310/assets/app.js?v=20260820:92
[  669296ms] [ERROR] WebSocket connection to 'ws://localhost:4310/' failed: Error in connection establishment: net::ERR_CONNECTION_REFUSED @ http://localhost:4310/assets/app.js?v=20260820:92
[  699310ms] [ERROR] WebSocket connection to 'ws://localhost:4310/' failed: Error in connection establishment: net::ERR_CONNECTION_REFUSED @ http://localhost:4310/assets/app.js?v=20260820:92
[  729317ms] [ERROR] WebSocket connection to 'ws://localhost:4310/' failed: Error in connection establishment: net::ERR_CONNECTION_REFUSED @ http://localhost:4310/assets/app.js?v=20260820:92
[  759319ms] [ERROR] WebSocket connection to 'ws://localhost:4310/' failed: Error in connection establishment: net::ERR_CONNECTION_REFUSED @ http://localhost:4310/assets/app.js?v=20260820:92
[  789320ms] [ERROR] WebSocket connection to 'ws://localhost:4310/' failed: Error in connection establishment: net::ERR_CONNECTION_REFUSED @ http://localhost:4310/assets/app.js?v=20260820:92
[  819323ms] [ERROR] WebSocket connection to 'ws://localhost:4310/' failed: Error in connection establishment: net::ERR_CONNECTION_REFUSED @ http://localhost:4310/assets/app.js?v=20260820:92
[  849327ms] [ERROR] WebSocket connection to 'ws://localhost:4310/' failed: Error in connection establishment: net::ERR_CONNECTION_REFUSED @ http://localhost:4310/assets/app.js?v=20260820:92
[  879330ms] [ERROR] WebSocket connection to 'ws://localhost:4310/' failed: Error in connection establishment: net::ERR_CONNECTION_REFUSED @ http://localhost:4310/assets/app.js?v=20260820:92
[  909341ms] [ERROR] WebSocket connection to 'ws://localhost:4310/' failed: Error in connection establishment: net::ERR_CONNECTION_REFUSED @ http://localhost:4310/assets/app.js?v=20260820:92
[  939358ms] [ERROR] WebSocket connection to 'ws://localhost:4310/' failed: Error in connection establishment: net::ERR_CONNECTION_REFUSED @ http://localhost:4310/assets/app.js?v=20260820:92
[  969361ms] [ERROR] WebSocket connection to 'ws://localhost:4310/' failed: Error in connection establishment: net::ERR_CONNECTION_REFUSED @ http://localhost:4310/assets/app.js?v=20260820:92
[  999365ms] [ERROR] WebSocket connection to 'ws://localhost:4310/' failed: Error in connection establishment: net::ERR_CONNECTION_REFUSED @ http://localhost:4310/assets/app.js?v=20260820:92
[ 1029366ms] [ERROR] WebSocket connection to 'ws://localhost:4310/' failed: Error in connection establishment: net::ERR_CONNECTION_REFUSED @ http://localhost:4310/assets/app.js?v=20260820:92
[ 1059369ms] [ERROR] WebSocket connection to 'ws://localhost:4310/' failed: Error in connection establishment: net::ERR_CONNECTION_REFUSED @ http://localhost:4310/assets/app.js?v=20260820:92
[ 1089372ms] [ERROR] WebSocket connection to 'ws://localhost:4310/' failed: Error in connection establishment: net::ERR_CONNECTION_REFUSED @ http://localhost:4310/assets/app.js?v=20260820:92
[ 1119376ms] [ERROR] WebSocket connection to 'ws://localhost:4310/' failed: Error in connection establishment: net::ERR_CONNECTION_REFUSED @ http://localhost:4310/assets/app.js?v=20260820:92
[ 1149381ms] [ERROR] WebSocket connection to 'ws://localhost:4310/' failed: Error in connection establishment: net::ERR_CONNECTION_REFUSED @ http://localhost:4310/assets/app.js?v=20260820:92
[ 1179394ms] [ERROR] WebSocket connection to 'ws://localhost:4310/' failed: Error in connection establishment: net::ERR_CONNECTION_REFUSED @ http://localhost:4310/assets/app.js?v=20260820:92
[ 1209404ms] [ERROR] WebSocket connection to 'ws://localhost:4310/' failed: Error in connection establishment: net::ERR_CONNECTION_REFUSED @ http://localhost:4310/assets/app.js?v=20260820:92
[ 1239407ms] [ERROR] WebSocket connection to 'ws://localhost:4310/' failed: Error in connection establishment: net::ERR_CONNECTION_REFUSED @ http://localhost:4310/assets/app.js?v=20260820:92
[ 1269417ms] [ERROR] WebSocket connection to 'ws://localhost:4310/' failed: Error in connection establishment: net::ERR_CONNECTION_REFUSED @ http://localhost:4310/assets/app.js?v=20260820:92
[ 1299427ms] [ERROR] WebSocket connection to 'ws://localhost:4310/' failed: Error in connection establishment: net::ERR_CONNECTION_REFUSED @ http://localhost:4310/assets/app.js?v=20260820:92
[ 1329431ms] [ERROR] WebSocket connection to 'ws://localhost:4310/' failed: Error in connection establishment: net::ERR_CONNECTION_REFUSED @ http://localhost:4310/assets/app.js?v=20260820:92
[ 1359433ms] [ERROR] WebSocket connection to 'ws://localhost:4310/' failed: Error in connection establishment: net::ERR_CONNECTION_REFUSED @ http://localhost:4310/assets/app.js?v=20260820:92
[ 1389434ms] [ERROR] WebSocket connection to 'ws://localhost:4310/' failed: Error in connection establishment: net::ERR_CONNECTION_REFUSED @ http://localhost:4310/assets/app.js?v=20260820:92
[ 1419436ms] [ERROR] WebSocket connection to 'ws://localhost:4310/' failed: Error in connection establishment: net::ERR_CONNECTION_REFUSED @ http://localhost:4310/assets/app.js?v=20260820:92
[ 1449437ms] [ERROR] WebSocket connection to 'ws://localhost:4310/' failed: Error in connection establishment: net::ERR_CONNECTION_REFUSED @ http://localhost:4310/assets/app.js?v=20260820:92
[ 1479439ms] [ERROR] WebSocket connection to 'ws://localhost:4310/' failed: Error in connection establishment: net::ERR_CONNECTION_REFUSED @ http://localhost:4310/assets/app.js?v=20260820:92
[ 1509441ms] [ERROR] WebSocket connection to 'ws://localhost:4310/' failed: Error in connection establishment: net::ERR_CONNECTION_REFUSED @ http://localhost:4310/assets/app.js?v=20260820:92
[ 1539444ms] [ERROR] WebSocket connection to 'ws://localhost:4310/' failed: Error in connection establishment: net::ERR_CONNECTION_REFUSED @ http://localhost:4310/assets/app.js?v=20260820:92
[ 1569446ms] [ERROR] WebSocket connection to 'ws://localhost:4310/' failed: Error in connection establishment: net::ERR_CONNECTION_REFUSED @ http://localhost:4310/assets/app.js?v=20260820:92
[ 1599448ms] [ERROR] WebSocket connection to 'ws://localhost:4310/' failed: Error in connection establishment: net::ERR_CONNECTION_REFUSED @ http://localhost:4310/assets/app.js?v=20260820:92
[ 1629451ms] [ERROR] WebSocket connection to 'ws://localhost:4310/' failed: Error in connection establishment: net::ERR_CONNECTION_REFUSED @ http://localhost:4310/assets/app.js?v=20260820:92
[ 1659459ms] [ERROR] WebSocket connection to 'ws://localhost:4310/' failed: Error in connection establishment: net::ERR_CONNECTION_REFUSED @ http://localhost:4310/assets/app.js?v=20260820:92
[ 1689466ms] [ERROR] WebSocket connection to 'ws://localhost:4310/' failed: Error in connection establishment: net::ERR_CONNECTION_REFUSED @ http://localhost:4310/assets/app.js?v=20260820:92
[ 1719490ms] [ERROR] WebSocket connection to 'ws://localhost:4310/' failed: Error in connection establishment: net::ERR_CONNECTION_REFUSED @ http://localhost:4310/assets/app.js?v=20260820:92
[ 1749495ms] [ERROR] WebSocket connection to 'ws://localhost:4310/' failed: Error in connection establishment: net::ERR_CONNECTION_REFUSED @ http://localhost:4310/assets/app.js?v=20260820:92
[ 1779504ms] [ERROR] WebSocket connection to 'ws://localhost:4310/' failed: Error in connection establishment: net::ERR_CONNECTION_REFUSED @ http://localhost:4310/assets/app.js?v=20260820:92
[ 1809518ms] [ERROR] WebSocket connection to 'ws://localhost:4310/' failed: Error in connection establishment: net::ERR_CONNECTION_REFUSED @ http://localhost:4310/assets/app.js?v=20260820:92
[ 1839519ms] [ERROR] WebSocket connection to 'ws://localhost:4310/' failed: Error in connection establishment: net::ERR_CONNECTION_REFUSED @ http://localhost:4310/assets/app.js?v=20260820:92
[ 1869521ms] [ERROR] WebSocket connection to 'ws://localhost:4310/' failed: Error in connection establishment: net::ERR_CONNECTION_REFUSED @ http://localhost:4310/assets/app.js?v=20260820:92
[ 1899523ms] [ERROR] WebSocket connection to 'ws://localhost:4310/' failed: Error in connection establishment: net::ERR_CONNECTION_REFUSED @ http://localhost:4310/assets/app.js?v=20260820:92
[ 1929525ms] [ERROR] WebSocket connection to 'ws://localhost:4310/' failed: Error in connection establishment: net::ERR_CONNECTION_REFUSED @ http://localhost:4310/assets/app.js?v=20260820:92
[ 1959530ms] [ERROR] WebSocket connection to 'ws://localhost:4310/' failed: Error in connection establishment: net::ERR_CONNECTION_REFUSED @ http://localhost:4310/assets/app.js?v=20260820:92
[ 1989538ms] [ERROR] WebSocket connection to 'ws://localhost:4310/' failed: Error in connection establishment: net::ERR_CONNECTION_REFUSED @ http://localhost:4310/assets/app.js?v=20260820:92
[ 2019551ms] [ERROR] WebSocket connection to 'ws://localhost:4310/' failed: Error in connection establishment: net::ERR_CONNECTION_REFUSED @ http://localhost:4310/assets/app.js?v=20260820:92
[ 2049569ms] [ERROR] WebSocket connection to 'ws://localhost:4310/' failed: Error in connection establishment: net::ERR_CONNECTION_REFUSED @ http://localhost:4310/assets/app.js?v=20260820:92
[ 2079572ms] [ERROR] WebSocket connection to 'ws://localhost:4310/' failed: Error in connection establishment: net::ERR_CONNECTION_REFUSED @ http://localhost:4310/assets/app.js?v=20260820:92
[ 2109575ms] [ERROR] WebSocket connection to 'ws://localhost:4310/' failed: Error in connection establishment: net::ERR_CONNECTION_REFUSED @ http://localhost:4310/assets/app.js?v=20260820:92
[ 2139578ms] [ERROR] WebSocket connection to 'ws://localhost:4310/' failed: Error in connection establishment: net::ERR_CONNECTION_REFUSED @ http://localhost:4310/assets/app.js?v=20260820:92
[ 2169582ms] [ERROR] WebSocket connection to 'ws://localhost:4310/' failed: Error in connection establishment: net::ERR_CONNECTION_REFUSED @ http://localhost:4310/assets/app.js?v=20260820:92
[ 2199583ms] [ERROR] WebSocket connection to 'ws://localhost:4310/' failed: Error in connection establishment: net::ERR_CONNECTION_REFUSED @ http://localhost:4310/assets/app.js?v=20260820:92
[ 3763724ms] [ERROR] WebSocket connection to 'ws://localhost:4310/' failed: Error in connection establishment: net::ERR_CONNECTION_REFUSED @ http://localhost:4310/assets/app.js?v=20260820:92
[ 4908986ms] [ERROR] WebSocket connection to 'ws://localhost:4310/' failed: Error in connection establishment: net::ERR_CONNECTION_REFUSED @ http://localhost:4310/assets/app.js?v=20260820:92
[ 4910988ms] [ERROR] WebSocket connection to 'ws://localhost:4310/' failed: Error in connection establishment: net::ERR_CONNECTION_REFUSED @ http://localhost:4310/assets/app.js?v=20260820:92
[ 4914990ms] [ERROR] WebSocket connection to 'ws://localhost:4310/' failed: Error in connection establishment: net::ERR_CONNECTION_REFUSED @ http://localhost:4310/assets/app.js?v=20260820:92
[ 4922992ms] [ERROR] WebSocket connection to 'ws://localhost:4310/' failed: Error in connection establishment: net::ERR_CONNECTION_REFUSED @ http://localhost:4310/assets/app.js?v=20260820:92
[ 5235505ms] [ERROR] WebSocket connection to 'ws://localhost:4310/' failed: Error in connection establishment: net::ERR_CONNECTION_REFUSED @ http://localhost:4310/assets/app.js?v=20260820:92
